// Jest Snapshot v1, https://goo.gl/fbAQLP

exports[`AboutUs component renders AboutUs 1`] = `
<DocumentFragment>
  <div
    class="aboutContainer"
  >
    <div
      class="personContainer"
    >
      <div
        class="picContainer"
      >
        <img
          class="ktImage"
          src="/path/image"
        />
        <h2
          class="aboutNames"
        >
          Richard
        </h2>
        <span>
          Hi! My Name is Richard. In the future time is backwards!
        </span>
        <p />
        <a
          href="https://github.com/Richard-Hillman"
        >
          <img
            class="contactImage"
            src="/path/image"
          />
        </a>
        <a
          href="https://www.linkedin.com/in/richard-hillman/"
        >
          <img
            class="contactImage"
            src="/path/image"
          />
        </a>
      </div>
    </div>
    <div
      class="personContainer"
    >
      <div
        class="picContainer"
      >
        <img
          class="ktImage"
          src="/path/image"
        />
        <h2
          class="aboutNames"
        >
          Kt
        </h2>
        <span>
          Hi! My name is kt!I am tall!!!!!! WOOOOO!!!
        </span>
        <p />
        <a
          href="https://github.com/katiejonesyo"
        >
          <img
            class="contactImage"
            src="/path/image"
          />
        </a>
        <a
          href="https://www.linkedin.com/in/katiejonesyo/"
        >
          <img
            class="contactImage"
            src="/path/image"
          />
        </a>
      </div>
    </div>
    <div
      class="personContainer"
    >
      <div
        class="picContainer"
      >
        <img
          class="ktImage"
          src="/path/image"
        />
        <h2
          class="aboutNames"
        >
          Kevin
        </h2>
        <span>
          Hi! My name is Ferrari!I am Ferrari! Vroom vroom cars go fast yea yea yea
        </span>
        <p />
        <a
          href="https://github.com/kevinfiero"
        >
          <img
            class="contactImage"
            src="/path/image"
          />
        </a>
        <a
          href="https://www.linkedin.com/in/kevinfiero/"
        >
          <img
            class="contactImage"
            src="/path/image"
          />
        </a>
      </div>
    </div>
    <div
      class="personContainer"
    >
      <div
        class="picContainer"
      >
        <img
          class="ktImage"
          src="/path/image"
        />
        <h2
          class="aboutNames"
        >
          Sydney
        </h2>
        <span>
          Hi! My name is Sydney! I am not tall!  I DO NOT DRINK COFFEEEEEEEEEE
        </span>
        <p />
        <a
          href="https://github.com/scjam"
        >
          <img
            class="contactImage"
            src="/path/image"
          />
        </a>
        <a
          href="https://www.linkedin.com/in/sydjames/"
        >
          <img
            class="contactImage"
            src="/path/image"
          />
        </a>
      </div>
    </div>
  </div>
</DocumentFragment>
`;
